// Jest Snapshot v1, https://goo.gl/fbAQLP

exports[`instruments sum function should return an addition of two arguments 1`] = `9`;
